// Jest Snapshot v1, https://goo.gl/fbAQLP

exports[`<Button /> should render 1`] = `
<styled.button
  buttonSize="medium"
  data-testId="Button-button"
  iconOnly={false}
  theme={
    Object {
      "buttonWrapper": Object {
        "clear": Object {
          "text": "#9EA0A5",
          "textHover": "#6B6C6F",
        },
        "primary": Object {
          "background": "#1665D8",
        },
        "success": Object {
          "background": "#38B249",
        },
        "warning": Object {
          "background": "#E6492D",
        },
      },
    }
  }
  type="button"
>
  <styled.span
    data-testId="Button-content"
  >
    Click Me!
  </styled.span>
</styled.button>
`;
