// Jest Snapshot v1, https://goo.gl/fbAQLP

exports[`<Sidebar /> should render 1`] = `
<div>
  <div
    class="sc-AxjAm mRWQf"
  >
    <h1
      class="sc-AxirZ eBheYc"
    />
    <div
      class="sc-AxiKw jrYMFl"
    >
      <div
        class="sc-AxhCb kuspGc"
        data-testid="navigationLink"
      >
        Link 1
      </div>
    </div>
  </div>
</div>
`;
