// Jest Snapshot v1, https://goo.gl/fbAQLP

exports[`<Input /> should render 1`] = `
<styled.div
  data-testId="Input-formGroup"
>
  <styled.div>
    <styled.input
      data-testId="Input-input"
      theme={
        Object {
          "input": Object {
            "border": "1px solid #EAEDF3",
            "errorBorderColor": "#E6492D",
          },
        }
      }
      type="text"
    />
  </styled.div>
</styled.div>
`;
