// Jest Snapshot v1, https://goo.gl/fbAQLP

exports[`<TopBar /> should render 1`] = `
<div>
  <div
    class="sc-fzoYkl fCdOVl"
  >
    <button
      class="sc-AxirZ leDdxt 
  display: none;

  @media (max-width: 768px) {
    display: block;
    border: none !important;
  }
"
      data-testid="Button-button"
      type="button"
    >
      <span
        class="sc-AxiKw cGEoKA"
        data-testid="Button-content"
      >
        <div
          class="sc-fzqARJ hkvVQj"
        >
          <svg
            class="sc-fzqNqU fcljRp"
            fill="currentColor"
            height="2px"
            version="1.1"
            viewBox="0 0 20 2"
            width="20px"
          >
            <g
              id="Icon/20px/menu-[Extra]"
              transform="translate(0.000000, -9.000000)"
            >
              <polygon
                id="Path"
                points="0 11 20 11 20 9 0 9"
              />
            </g>
          </svg>
          <svg
            class="sc-fzoyTs kCGEHg"
            fill="currentColor"
            height="2px"
            version="1.1"
            viewBox="0 0 20 2"
            width="20px"
          >
            <g
              id="Icon/20px/menu-[Extra]"
              transform="translate(0.000000, -9.000000)"
            >
              <polygon
                id="Path"
                points="0 11 20 11 20 9 0 9"
              />
            </g>
          </svg>
          <svg
            class="sc-fzoNJl bnuJxw"
            fill="currentColor"
            height="2px"
            version="1.1"
            viewBox="0 0 20 2"
            width="20px"
          >
            <g
              id="Icon/20px/menu-[Extra]"
              transform="translate(0.000000, -9.000000)"
            >
              <polygon
                id="Path"
                points="0 11 20 11 20 9 0 9"
              />
            </g>
          </svg>
        </div>
      </span>
    </button>
    <div
      class="sc-fzpkJw fwQomI"
    />
  </div>
</div>
`;
